
> sphereking-marketplace-afiliates-frontend@0.1.0 dev
> next dev

Γû▓ Next.js 16.1.6 (Turbopack)
- Local:         http://localhost:3000
- Network:       http://192.168.33.148:3000
- Environments: .env.local

Γ£ô Starting...
Γ£ô Ready in 2.9s
Γùï Compiling / ...
npm : Γ¿» ./src/index.css:3593:49
At line:1 char:1
+ npm run dev 2>&1 | Tee-Object -FilePath "build-output.log"
+ ~~~~~~~~~~~~~~~~
    + CategoryInfo          : NotSpecified: (Γ¿» ./src/index.css:3593:49:Strin 
   g) [], RemoteException
    + FullyQualifiedErrorId : NativeCommandError
 
Parsing CSS source code failed
[0m [90m 3591 |[39m   border[33m-[39mradius[33m:[39m 
[35m0[39mpx[33m;[39m
 [90m 3592 |[39m }
[31m[1m>[22m[39m[90m 3593 |[39m [33m.[39mdata[33m-[39m[37m[41m[1m\
[22m[49m[39m[spacing[37m[41m[1m\[22m[49m[39m[33m=[39m[35m0[39m[37
m[41m[1m\[22m[49m[39m][37m[41m[1m\[22m[49m[39m[33m:[39mrounded[33
m-[39mnone[data[33m-[39mspacing[33m=[39m[35m0[39m]{
 [90m      |[39m                                                 
[31m[1m^[22m[39m
 [90m 3594 |[39m   border[33m-[39mradius[33m:[39m 
[35m0[39mpx[33m;[39m
 [90m 3595 |[39m }
 [90m 3596 |[39m [33m.[39mdata[33m-[39m[37m[41m[1m\[22m[49m[39m[ran
ge[33m-[39mend[37m[41m[1m\[22m[49m[39m[33m=[39m[36mtrue[39m[37m[4
1m[1m\[22m[49m[39m][37m[41m[1m\[22m[49m[39m[33m:[39mrounded[33m-[
39mr[33m-[39mmd[data[33m-[39mrange[33m-[39mend[33m=[39m[36mtrue[39m]{
[0m

Invalid value in attribute selector: Number { has_sign: false, value: 0.0, 
int_value: Some(0) }

Import trace:
  Client Component Browser:
    ./src/index.css [Client Component Browser]
    ./src/app/layout.jsx [Client Component Browser]
    ./src/app/layout.jsx [Server Component]


Γùï Compiling /_error ...
 GET / 500 in 37.6s (compile: 36.5s, render: 1081ms)
